ERROR - 2026-10-03 12:45:16 --> Error connecting to the database: mysqli_sql_exception: No such file or directory in /home/mihaja/Documents/GitHub/24h-by-webcup-vain-afo/system/Database/MySQLi/Connection.php:201
Stack trace:
#0 /home/mihaja/Documents/GitHub/24h-by-webcup-vain-afo/system/Database/MySQLi/Connection.php(201): mysqli->real_connect()
#1 /home/mihaja/Documents/GitHub/24h-by-webcup-vain-afo/system/Database/BaseConnection.php(555): CodeIgniter\Database\MySQLi\Connection->connect()
#2 /home/mihaja/Documents/GitHub/24h-by-webcup-vain-afo/system/Database/BaseConnection.php(795): CodeIgniter\Database\BaseConnection->initialize()
#3 /home/mihaja/Documents/GitHub/24h-by-webcup-vain-afo/system/Database/BaseConnection.php(1706): CodeIgniter\Database\BaseConnection->query()
#4 /home/mihaja/Documents/GitHub/24h-by-webcup-vain-afo/system/Database/BaseConnection.php(1726): CodeIgniter\Database\BaseConnection->listTables()
#5 /home/mihaja/Documents/GitHub/24h-by-webcup-vain-afo/system/Database/MigrationRunner.php(821): CodeIgniter\Database\BaseConnection->tableExists()
#6 /home/mihaja/Documents/GitHub/24h-by-webcup-vain-afo/system/Database/MigrationRunner.php(256): CodeIgniter\Database\MigrationRunner->ensureTable()
#7 /home/mihaja/Documents/GitHub/24h-by-webcup-vain-afo/system/Commands/Database/MigrateRollback.php(105): CodeIgniter\Database\MigrationRunner->regress()
#8 /home/mihaja/Documents/GitHub/24h-by-webcup-vain-afo/system/CLI/SignalTrait.php(245): CodeIgniter\Commands\Database\MigrateRollback::{closure:CodeIgniter\Commands\Database\MigrateRollback::run():104}()
#9 /home/mihaja/Documents/GitHub/24h-by-webcup-vain-afo/system/Commands/Database/MigrateRollback.php(104): CodeIgniter\Commands\Database\MigrateRollback->withSignalsBlocked()
#10 /home/mihaja/Documents/GitHub/24h-by-webcup-vain-afo/system/CLI/Commands.php(72): CodeIgniter\Commands\Database\MigrateRollback->run()
#11 /home/mihaja/Documents/GitHub/24h-by-webcup-vain-afo/system/CLI/BaseCommand.php(119): CodeIgniter\CLI\Commands->run()
#12 /home/mihaja/Documents/GitHub/24h-by-webcup-vain-afo/system/Commands/Database/MigrateRefresh.php(90): CodeIgniter\CLI\BaseCommand->call()
#13 /home/mihaja/Documents/GitHub/24h-by-webcup-vain-afo/system/CLI/SignalTrait.php(245): CodeIgniter\Commands\Database\MigrateRefresh->{closure:CodeIgniter\Commands\Database\MigrateRefresh::run():89}()
#14 /home/mihaja/Documents/GitHub/24h-by-webcup-vain-afo/system/Commands/Database/MigrateRefresh.php(89): CodeIgniter\Commands\Database\MigrateRefresh->withSignalsBlocked()
#15 /home/mihaja/Documents/GitHub/24h-by-webcup-vain-afo/system/CLI/Commands.php(72): CodeIgniter\Commands\Database\MigrateRefresh->run()
#16 /home/mihaja/Documents/GitHub/24h-by-webcup-vain-afo/system/CLI/Console.php(47): CodeIgniter\CLI\Commands->run()
#17 /home/mihaja/Documents/GitHub/24h-by-webcup-vain-afo/system/Boot.php(444): CodeIgniter\CLI\Console->run()
#18 /home/mihaja/Documents/GitHub/24h-by-webcup-vain-afo/system/Boot.php(166): CodeIgniter\Boot::runCommand()
#19 /home/mihaja/Documents/GitHub/24h-by-webcup-vain-afo/spark(87): CodeIgniter\Boot::bootSpark()
#20 {main}

Next CodeIgniter\Database\Exceptions\DatabaseException: No such file or directory in /home/mihaja/Documents/GitHub/24h-by-webcup-vain-afo/system/Database/MySQLi/Connection.php:231
Stack trace:
#0 /home/mihaja/Documents/GitHub/24h-by-webcup-vain-afo/system/Database/BaseConnection.php(555): CodeIgniter\Database\MySQLi\Connection->connect()
#1 /home/mihaja/Documents/GitHub/24h-by-webcup-vain-afo/system/Database/BaseConnection.php(795): CodeIgniter\Database\BaseConnection->initialize()
#2 /home/mihaja/Documents/GitHub/24h-by-webcup-vain-afo/system/Database/BaseConnection.php(1706): CodeIgniter\Database\BaseConnection->query()
#3 /home/mihaja/Documents/GitHub/24h-by-webcup-vain-afo/system/Database/BaseConnection.php(1726): CodeIgniter\Database\BaseConnection->listTables()
#4 /home/mihaja/Documents/GitHub/24h-by-webcup-vain-afo/system/Database/MigrationRunner.php(821): CodeIgniter\Database\BaseConnection->tableExists()
#5 /home/mihaja/Documents/GitHub/24h-by-webcup-vain-afo/system/Database/MigrationRunner.php(256): CodeIgniter\Database\MigrationRunner->ensureTable()
#6 /home/mihaja/Documents/GitHub/24h-by-webcup-vain-afo/system/Commands/Database/MigrateRollback.php(105): CodeIgniter\Database\MigrationRunner->regress()
#7 /home/mihaja/Documents/GitHub/24h-by-webcup-vain-afo/system/CLI/SignalTrait.php(245): CodeIgniter\Commands\Database\MigrateRollback::{closure:CodeIgniter\Commands\Database\MigrateRollback::run():104}()
#8 /home/mihaja/Documents/GitHub/24h-by-webcup-vain-afo/system/Commands/Database/MigrateRollback.php(104): CodeIgniter\Commands\Database\MigrateRollback->withSignalsBlocked()
#9 /home/mihaja/Documents/GitHub/24h-by-webcup-vain-afo/system/CLI/Commands.php(72): CodeIgniter\Commands\Database\MigrateRollback->run()
#10 /home/mihaja/Documents/GitHub/24h-by-webcup-vain-afo/system/CLI/BaseCommand.php(119): CodeIgniter\CLI\Commands->run()
#11 /home/mihaja/Documents/GitHub/24h-by-webcup-vain-afo/system/Commands/Database/MigrateRefresh.php(90): CodeIgniter\CLI\BaseCommand->call()
#12 /home/mihaja/Documents/GitHub/24h-by-webcup-vain-afo/system/CLI/SignalTrait.php(245): CodeIgniter\Commands\Database\MigrateRefresh->{closure:CodeIgniter\Commands\Database\MigrateRefresh::run():89}()
#13 /home/mihaja/Documents/GitHub/24h-by-webcup-vain-afo/system/Commands/Database/MigrateRefresh.php(89): CodeIgniter\Commands\Database\MigrateRefresh->withSignalsBlocked()
#14 /home/mihaja/Documents/GitHub/24h-by-webcup-vain-afo/system/CLI/Commands.php(72): CodeIgniter\Commands\Database\MigrateRefresh->run()
#15 /home/mihaja/Documents/GitHub/24h-by-webcup-vain-afo/system/CLI/Console.php(47): CodeIgniter\CLI\Commands->run()
#16 /home/mihaja/Documents/GitHub/24h-by-webcup-vain-afo/system/Boot.php(444): CodeIgniter\CLI\Console->run()
#17 /home/mihaja/Documents/GitHub/24h-by-webcup-vain-afo/system/Boot.php(166): CodeIgniter\Boot::runCommand()
#18 /home/mihaja/Documents/GitHub/24h-by-webcup-vain-afo/spark(87): CodeIgniter\Boot::bootSpark()
#19 {main}
ERROR - 2026-10-03 12:45:16 --> Error connecting to the database: mysqli_sql_exception: No such file or directory in /home/mihaja/Documents/GitHub/24h-by-webcup-vain-afo/system/Database/MySQLi/Connection.php:201
Stack trace:
#0 /home/mihaja/Documents/GitHub/24h-by-webcup-vain-afo/system/Database/MySQLi/Connection.php(201): mysqli->real_connect()
#1 /home/mihaja/Documents/GitHub/24h-by-webcup-vain-afo/system/Database/BaseConnection.php(555): CodeIgniter\Database\MySQLi\Connection->connect()
#2 /home/mihaja/Documents/GitHub/24h-by-webcup-vain-afo/system/Database/BaseConnection.php(795): CodeIgniter\Database\BaseConnection->initialize()
#3 /home/mihaja/Documents/GitHub/24h-by-webcup-vain-afo/system/Database/BaseConnection.php(1706): CodeIgniter\Database\BaseConnection->query()
#4 /home/mihaja/Documents/GitHub/24h-by-webcup-vain-afo/system/Database/BaseConnection.php(1726): CodeIgniter\Database\BaseConnection->listTables()
#5 /home/mihaja/Documents/GitHub/24h-by-webcup-vain-afo/system/Database/MigrationRunner.php(821): CodeIgniter\Database\BaseConnection->tableExists()
#6 /home/mihaja/Documents/GitHub/24h-by-webcup-vain-afo/system/Database/MigrationRunner.php(173): CodeIgniter\Database\MigrationRunner->ensureTable()
#7 /home/mihaja/Documents/GitHub/24h-by-webcup-vain-afo/system/Commands/Database/Migrate.php(89): CodeIgniter\Database\MigrationRunner->latest()
#8 /home/mihaja/Documents/GitHub/24h-by-webcup-vain-afo/system/CLI/SignalTrait.php(245): CodeIgniter\Commands\Database\Migrate::{closure:CodeIgniter\Commands\Database\Migrate::run():88}()
#9 /home/mihaja/Documents/GitHub/24h-by-webcup-vain-afo/system/Commands/Database/Migrate.php(88): CodeIgniter\Commands\Database\Migrate->withSignalsBlocked()
#10 /home/mihaja/Documents/GitHub/24h-by-webcup-vain-afo/system/CLI/Commands.php(72): CodeIgniter\Commands\Database\Migrate->run()
#11 /home/mihaja/Documents/GitHub/24h-by-webcup-vain-afo/system/CLI/BaseCommand.php(119): CodeIgniter\CLI\Commands->run()
#12 /home/mihaja/Documents/GitHub/24h-by-webcup-vain-afo/system/Commands/Database/MigrateRefresh.php(91): CodeIgniter\CLI\BaseCommand->call()
#13 /home/mihaja/Documents/GitHub/24h-by-webcup-vain-afo/system/CLI/SignalTrait.php(245): CodeIgniter\Commands\Database\MigrateRefresh->{closure:CodeIgniter\Commands\Database\MigrateRefresh::run():89}()
#14 /home/mihaja/Documents/GitHub/24h-by-webcup-vain-afo/system/Commands/Database/MigrateRefresh.php(89): CodeIgniter\Commands\Database\MigrateRefresh->withSignalsBlocked()
#15 /home/mihaja/Documents/GitHub/24h-by-webcup-vain-afo/system/CLI/Commands.php(72): CodeIgniter\Commands\Database\MigrateRefresh->run()
#16 /home/mihaja/Documents/GitHub/24h-by-webcup-vain-afo/system/CLI/Console.php(47): CodeIgniter\CLI\Commands->run()
#17 /home/mihaja/Documents/GitHub/24h-by-webcup-vain-afo/system/Boot.php(444): CodeIgniter\CLI\Console->run()
#18 /home/mihaja/Documents/GitHub/24h-by-webcup-vain-afo/system/Boot.php(166): CodeIgniter\Boot::runCommand()
#19 /home/mihaja/Documents/GitHub/24h-by-webcup-vain-afo/spark(87): CodeIgniter\Boot::bootSpark()
#20 {main}

Next CodeIgniter\Database\Exceptions\DatabaseException: No such file or directory in /home/mihaja/Documents/GitHub/24h-by-webcup-vain-afo/system/Database/MySQLi/Connection.php:231
Stack trace:
#0 /home/mihaja/Documents/GitHub/24h-by-webcup-vain-afo/system/Database/BaseConnection.php(555): CodeIgniter\Database\MySQLi\Connection->connect()
#1 /home/mihaja/Documents/GitHub/24h-by-webcup-vain-afo/system/Database/BaseConnection.php(795): CodeIgniter\Database\BaseConnection->initialize()
#2 /home/mihaja/Documents/GitHub/24h-by-webcup-vain-afo/system/Database/BaseConnection.php(1706): CodeIgniter\Database\BaseConnection->query()
#3 /home/mihaja/Documents/GitHub/24h-by-webcup-vain-afo/system/Database/BaseConnection.php(1726): CodeIgniter\Database\BaseConnection->listTables()
#4 /home/mihaja/Documents/GitHub/24h-by-webcup-vain-afo/system/Database/MigrationRunner.php(821): CodeIgniter\Database\BaseConnection->tableExists()
#5 /home/mihaja/Documents/GitHub/24h-by-webcup-vain-afo/system/Database/MigrationRunner.php(173): CodeIgniter\Database\MigrationRunner->ensureTable()
#6 /home/mihaja/Documents/GitHub/24h-by-webcup-vain-afo/system/Commands/Database/Migrate.php(89): CodeIgniter\Database\MigrationRunner->latest()
#7 /home/mihaja/Documents/GitHub/24h-by-webcup-vain-afo/system/CLI/SignalTrait.php(245): CodeIgniter\Commands\Database\Migrate::{closure:CodeIgniter\Commands\Database\Migrate::run():88}()
#8 /home/mihaja/Documents/GitHub/24h-by-webcup-vain-afo/system/Commands/Database/Migrate.php(88): CodeIgniter\Commands\Database\Migrate->withSignalsBlocked()
#9 /home/mihaja/Documents/GitHub/24h-by-webcup-vain-afo/system/CLI/Commands.php(72): CodeIgniter\Commands\Database\Migrate->run()
#10 /home/mihaja/Documents/GitHub/24h-by-webcup-vain-afo/system/CLI/BaseCommand.php(119): CodeIgniter\CLI\Commands->run()
#11 /home/mihaja/Documents/GitHub/24h-by-webcup-vain-afo/system/Commands/Database/MigrateRefresh.php(91): CodeIgniter\CLI\BaseCommand->call()
#12 /home/mihaja/Documents/GitHub/24h-by-webcup-vain-afo/system/CLI/SignalTrait.php(245): CodeIgniter\Commands\Database\MigrateRefresh->{closure:CodeIgniter\Commands\Database\MigrateRefresh::run():89}()
#13 /home/mihaja/Documents/GitHub/24h-by-webcup-vain-afo/system/Commands/Database/MigrateRefresh.php(89): CodeIgniter\Commands\Database\MigrateRefresh->withSignalsBlocked()
#14 /home/mihaja/Documents/GitHub/24h-by-webcup-vain-afo/system/CLI/Commands.php(72): CodeIgniter\Commands\Database\MigrateRefresh->run()
#15 /home/mihaja/Documents/GitHub/24h-by-webcup-vain-afo/system/CLI/Console.php(47): CodeIgniter\CLI\Commands->run()
#16 /home/mihaja/Documents/GitHub/24h-by-webcup-vain-afo/system/Boot.php(444): CodeIgniter\CLI\Console->run()
#17 /home/mihaja/Documents/GitHub/24h-by-webcup-vain-afo/system/Boot.php(166): CodeIgniter\Boot::runCommand()
#18 /home/mihaja/Documents/GitHub/24h-by-webcup-vain-afo/spark(87): CodeIgniter\Boot::bootSpark()
#19 {main}
ERROR - 2026-10-03 12:45:16 --> Error connecting to the database: mysqli_sql_exception: No such file or directory in /home/mihaja/Documents/GitHub/24h-by-webcup-vain-afo/system/Database/MySQLi/Connection.php:201
Stack trace:
#0 /home/mihaja/Documents/GitHub/24h-by-webcup-vain-afo/system/Database/MySQLi/Connection.php(201): mysqli->real_connect()
#1 /home/mihaja/Documents/GitHub/24h-by-webcup-vain-afo/system/Database/BaseConnection.php(555): CodeIgniter\Database\MySQLi\Connection->connect()
#2 /home/mihaja/Documents/GitHub/24h-by-webcup-vain-afo/system/Database/Database.php(74): CodeIgniter\Database\BaseConnection->initialize()
#3 /home/mihaja/Documents/GitHub/24h-by-webcup-vain-afo/system/Database/Config.php(111): CodeIgniter\Database\Database->loadForge()
#4 /home/mihaja/Documents/GitHub/24h-by-webcup-vain-afo/system/Database/Seeder.php(103): CodeIgniter\Database\Config::forge()
#5 /home/mihaja/Documents/GitHub/24h-by-webcup-vain-afo/system/Commands/Database/Seed.php(71): CodeIgniter\Database\Seeder->__construct()
#6 /home/mihaja/Documents/GitHub/24h-by-webcup-vain-afo/system/CLI/Commands.php(72): CodeIgniter\Commands\Database\Seed->run()
#7 /home/mihaja/Documents/GitHub/24h-by-webcup-vain-afo/system/CLI/Console.php(47): CodeIgniter\CLI\Commands->run()
#8 /home/mihaja/Documents/GitHub/24h-by-webcup-vain-afo/system/Boot.php(444): CodeIgniter\CLI\Console->run()
#9 /home/mihaja/Documents/GitHub/24h-by-webcup-vain-afo/system/Boot.php(166): CodeIgniter\Boot::runCommand()
#10 /home/mihaja/Documents/GitHub/24h-by-webcup-vain-afo/spark(87): CodeIgniter\Boot::bootSpark()
#11 {main}

Next CodeIgniter\Database\Exceptions\DatabaseException: No such file or directory in /home/mihaja/Documents/GitHub/24h-by-webcup-vain-afo/system/Database/MySQLi/Connection.php:231
Stack trace:
#0 /home/mihaja/Documents/GitHub/24h-by-webcup-vain-afo/system/Database/BaseConnection.php(555): CodeIgniter\Database\MySQLi\Connection->connect()
#1 /home/mihaja/Documents/GitHub/24h-by-webcup-vain-afo/system/Database/Database.php(74): CodeIgniter\Database\BaseConnection->initialize()
#2 /home/mihaja/Documents/GitHub/24h-by-webcup-vain-afo/system/Database/Config.php(111): CodeIgniter\Database\Database->loadForge()
#3 /home/mihaja/Documents/GitHub/24h-by-webcup-vain-afo/system/Database/Seeder.php(103): CodeIgniter\Database\Config::forge()
#4 /home/mihaja/Documents/GitHub/24h-by-webcup-vain-afo/system/Commands/Database/Seed.php(71): CodeIgniter\Database\Seeder->__construct()
#5 /home/mihaja/Documents/GitHub/24h-by-webcup-vain-afo/system/CLI/Commands.php(72): CodeIgniter\Commands\Database\Seed->run()
#6 /home/mihaja/Documents/GitHub/24h-by-webcup-vain-afo/system/CLI/Console.php(47): CodeIgniter\CLI\Commands->run()
#7 /home/mihaja/Documents/GitHub/24h-by-webcup-vain-afo/system/Boot.php(444): CodeIgniter\CLI\Console->run()
#8 /home/mihaja/Documents/GitHub/24h-by-webcup-vain-afo/system/Boot.php(166): CodeIgniter\Boot::runCommand()
#9 /home/mihaja/Documents/GitHub/24h-by-webcup-vain-afo/spark(87): CodeIgniter\Boot::bootSpark()
#10 {main}
CRITICAL - 2026-10-03 12:45:16 --> CodeIgniter\Database\Exceptions\DatabaseException: Unable to connect to the database.
Main connection [MySQLi]: No such file or directory
[Method: CLI, Route: db:seed/DatabaseSeeder]
in SYSTEMPATH/Database/BaseConnection.php on line 606.
 1 SYSTEMPATH/Database/Database.php(74): CodeIgniter\Database\BaseConnection->initialize()
 2 SYSTEMPATH/Database/Config.php(111): CodeIgniter\Database\Database->loadForge()
 3 SYSTEMPATH/Database/Seeder.php(103): CodeIgniter\Database\Config::forge()
 4 SYSTEMPATH/Commands/Database/Seed.php(71): CodeIgniter\Database\Seeder->__construct()
 5 SYSTEMPATH/CLI/Commands.php(72): CodeIgniter\Commands\Database\Seed->run()
 6 SYSTEMPATH/CLI/Console.php(47): CodeIgniter\CLI\Commands->run()
 7 SYSTEMPATH/Boot.php(444): CodeIgniter\CLI\Console->run()
 8 SYSTEMPATH/Boot.php(166): CodeIgniter\Boot::runCommand()
 9 ROOTPATH/spark(87): CodeIgniter\Boot::bootSpark()
ERROR - 2026-10-03 12:51:18 --> Error connecting to the database: mysqli_sql_exception: Access denied for user 'root'@'41.74.211.114' (using password: NO) in /home/mihaja/Documents/GitHub/24h-by-webcup-vain-afo/system/Database/MySQLi/Connection.php:201
Stack trace:
#0 /home/mihaja/Documents/GitHub/24h-by-webcup-vain-afo/system/Database/MySQLi/Connection.php(201): mysqli->real_connect()
#1 /home/mihaja/Documents/GitHub/24h-by-webcup-vain-afo/system/Database/BaseConnection.php(555): CodeIgniter\Database\MySQLi\Connection->connect()
#2 /home/mihaja/Documents/GitHub/24h-by-webcup-vain-afo/system/Database/BaseConnection.php(795): CodeIgniter\Database\BaseConnection->initialize()
#3 /home/mihaja/Documents/GitHub/24h-by-webcup-vain-afo/system/Database/BaseConnection.php(1706): CodeIgniter\Database\BaseConnection->query()
#4 /home/mihaja/Documents/GitHub/24h-by-webcup-vain-afo/system/Database/BaseConnection.php(1726): CodeIgniter\Database\BaseConnection->listTables()
#5 /home/mihaja/Documents/GitHub/24h-by-webcup-vain-afo/system/Database/MigrationRunner.php(821): CodeIgniter\Database\BaseConnection->tableExists()
#6 /home/mihaja/Documents/GitHub/24h-by-webcup-vain-afo/system/Database/MigrationRunner.php(256): CodeIgniter\Database\MigrationRunner->ensureTable()
#7 /home/mihaja/Documents/GitHub/24h-by-webcup-vain-afo/system/Commands/Database/MigrateRollback.php(105): CodeIgniter\Database\MigrationRunner->regress()
#8 /home/mihaja/Documents/GitHub/24h-by-webcup-vain-afo/system/CLI/SignalTrait.php(245): CodeIgniter\Commands\Database\MigrateRollback::{closure:CodeIgniter\Commands\Database\MigrateRollback::run():104}()
#9 /home/mihaja/Documents/GitHub/24h-by-webcup-vain-afo/system/Commands/Database/MigrateRollback.php(104): CodeIgniter\Commands\Database\MigrateRollback->withSignalsBlocked()
#10 /home/mihaja/Documents/GitHub/24h-by-webcup-vain-afo/system/CLI/Commands.php(72): CodeIgniter\Commands\Database\MigrateRollback->run()
#11 /home/mihaja/Documents/GitHub/24h-by-webcup-vain-afo/system/CLI/BaseCommand.php(119): CodeIgniter\CLI\Commands->run()
#12 /home/mihaja/Documents/GitHub/24h-by-webcup-vain-afo/system/Commands/Database/MigrateRefresh.php(90): CodeIgniter\CLI\BaseCommand->call()
#13 /home/mihaja/Documents/GitHub/24h-by-webcup-vain-afo/system/CLI/SignalTrait.php(245): CodeIgniter\Commands\Database\MigrateRefresh->{closure:CodeIgniter\Commands\Database\MigrateRefresh::run():89}()
#14 /home/mihaja/Documents/GitHub/24h-by-webcup-vain-afo/system/Commands/Database/MigrateRefresh.php(89): CodeIgniter\Commands\Database\MigrateRefresh->withSignalsBlocked()
#15 /home/mihaja/Documents/GitHub/24h-by-webcup-vain-afo/system/CLI/Commands.php(72): CodeIgniter\Commands\Database\MigrateRefresh->run()
#16 /home/mihaja/Documents/GitHub/24h-by-webcup-vain-afo/system/CLI/Console.php(47): CodeIgniter\CLI\Commands->run()
#17 /home/mihaja/Documents/GitHub/24h-by-webcup-vain-afo/system/Boot.php(444): CodeIgniter\CLI\Console->run()
#18 /home/mihaja/Documents/GitHub/24h-by-webcup-vain-afo/system/Boot.php(166): CodeIgniter\Boot::runCommand()
#19 /home/mihaja/Documents/GitHub/24h-by-webcup-vain-afo/spark(87): CodeIgniter\Boot::bootSpark()
#20 {main}

Next CodeIgniter\Database\Exceptions\DatabaseException: Access denied for user '****'@'41.74.211.114' (using password: NO) in /home/mihaja/Documents/GitHub/24h-by-webcup-vain-afo/system/Database/MySQLi/Connection.php:231
Stack trace:
#0 /home/mihaja/Documents/GitHub/24h-by-webcup-vain-afo/system/Database/BaseConnection.php(555): CodeIgniter\Database\MySQLi\Connection->connect()
#1 /home/mihaja/Documents/GitHub/24h-by-webcup-vain-afo/system/Database/BaseConnection.php(795): CodeIgniter\Database\BaseConnection->initialize()
#2 /home/mihaja/Documents/GitHub/24h-by-webcup-vain-afo/system/Database/BaseConnection.php(1706): CodeIgniter\Database\BaseConnection->query()
#3 /home/mihaja/Documents/GitHub/24h-by-webcup-vain-afo/system/Database/BaseConnection.php(1726): CodeIgniter\Database\BaseConnection->listTables()
#4 /home/mihaja/Documents/GitHub/24h-by-webcup-vain-afo/system/Database/MigrationRunner.php(821): CodeIgniter\Database\BaseConnection->tableExists()
#5 /home/mihaja/Documents/GitHub/24h-by-webcup-vain-afo/system/Database/MigrationRunner.php(256): CodeIgniter\Database\MigrationRunner->ensureTable()
#6 /home/mihaja/Documents/GitHub/24h-by-webcup-vain-afo/system/Commands/Database/MigrateRollback.php(105): CodeIgniter\Database\MigrationRunner->regress()
#7 /home/mihaja/Documents/GitHub/24h-by-webcup-vain-afo/system/CLI/SignalTrait.php(245): CodeIgniter\Commands\Database\MigrateRollback::{closure:CodeIgniter\Commands\Database\MigrateRollback::run():104}()
#8 /home/mihaja/Documents/GitHub/24h-by-webcup-vain-afo/system/Commands/Database/MigrateRollback.php(104): CodeIgniter\Commands\Database\MigrateRollback->withSignalsBlocked()
#9 /home/mihaja/Documents/GitHub/24h-by-webcup-vain-afo/system/CLI/Commands.php(72): CodeIgniter\Commands\Database\MigrateRollback->run()
#10 /home/mihaja/Documents/GitHub/24h-by-webcup-vain-afo/system/CLI/BaseCommand.php(119): CodeIgniter\CLI\Commands->run()
#11 /home/mihaja/Documents/GitHub/24h-by-webcup-vain-afo/system/Commands/Database/MigrateRefresh.php(90): CodeIgniter\CLI\BaseCommand->call()
#12 /home/mihaja/Documents/GitHub/24h-by-webcup-vain-afo/system/CLI/SignalTrait.php(245): CodeIgniter\Commands\Database\MigrateRefresh->{closure:CodeIgniter\Commands\Database\MigrateRefresh::run():89}()
#13 /home/mihaja/Documents/GitHub/24h-by-webcup-vain-afo/system/Commands/Database/MigrateRefresh.php(89): CodeIgniter\Commands\Database\MigrateRefresh->withSignalsBlocked()
#14 /home/mihaja/Documents/GitHub/24h-by-webcup-vain-afo/system/CLI/Commands.php(72): CodeIgniter\Commands\Database\MigrateRefresh->run()
#15 /home/mihaja/Documents/GitHub/24h-by-webcup-vain-afo/system/CLI/Console.php(47): CodeIgniter\CLI\Commands->run()
#16 /home/mihaja/Documents/GitHub/24h-by-webcup-vain-afo/system/Boot.php(444): CodeIgniter\CLI\Console->run()
#17 /home/mihaja/Documents/GitHub/24h-by-webcup-vain-afo/system/Boot.php(166): CodeIgniter\Boot::runCommand()
#18 /home/mihaja/Documents/GitHub/24h-by-webcup-vain-afo/spark(87): CodeIgniter\Boot::bootSpark()
#19 {main}
ERROR - 2026-10-03 12:51:18 --> Error connecting to the database: mysqli_sql_exception: Access denied for user 'root'@'41.74.211.114' (using password: NO) in /home/mihaja/Documents/GitHub/24h-by-webcup-vain-afo/system/Database/MySQLi/Connection.php:201
Stack trace:
#0 /home/mihaja/Documents/GitHub/24h-by-webcup-vain-afo/system/Database/MySQLi/Connection.php(201): mysqli->real_connect()
#1 /home/mihaja/Documents/GitHub/24h-by-webcup-vain-afo/system/Database/BaseConnection.php(555): CodeIgniter\Database\MySQLi\Connection->connect()
#2 /home/mihaja/Documents/GitHub/24h-by-webcup-vain-afo/system/Database/BaseConnection.php(795): CodeIgniter\Database\BaseConnection->initialize()
#3 /home/mihaja/Documents/GitHub/24h-by-webcup-vain-afo/system/Database/BaseConnection.php(1706): CodeIgniter\Database\BaseConnection->query()
#4 /home/mihaja/Documents/GitHub/24h-by-webcup-vain-afo/system/Database/BaseConnection.php(1726): CodeIgniter\Database\BaseConnection->listTables()
#5 /home/mihaja/Documents/GitHub/24h-by-webcup-vain-afo/system/Database/MigrationRunner.php(821): CodeIgniter\Database\BaseConnection->tableExists()
#6 /home/mihaja/Documents/GitHub/24h-by-webcup-vain-afo/system/Database/MigrationRunner.php(173): CodeIgniter\Database\MigrationRunner->ensureTable()
#7 /home/mihaja/Documents/GitHub/24h-by-webcup-vain-afo/system/Commands/Database/Migrate.php(89): CodeIgniter\Database\MigrationRunner->latest()
#8 /home/mihaja/Documents/GitHub/24h-by-webcup-vain-afo/system/CLI/SignalTrait.php(245): CodeIgniter\Commands\Database\Migrate::{closure:CodeIgniter\Commands\Database\Migrate::run():88}()
#9 /home/mihaja/Documents/GitHub/24h-by-webcup-vain-afo/system/Commands/Database/Migrate.php(88): CodeIgniter\Commands\Database\Migrate->withSignalsBlocked()
#10 /home/mihaja/Documents/GitHub/24h-by-webcup-vain-afo/system/CLI/Commands.php(72): CodeIgniter\Commands\Database\Migrate->run()
#11 /home/mihaja/Documents/GitHub/24h-by-webcup-vain-afo/system/CLI/BaseCommand.php(119): CodeIgniter\CLI\Commands->run()
#12 /home/mihaja/Documents/GitHub/24h-by-webcup-vain-afo/system/Commands/Database/MigrateRefresh.php(91): CodeIgniter\CLI\BaseCommand->call()
#13 /home/mihaja/Documents/GitHub/24h-by-webcup-vain-afo/system/CLI/SignalTrait.php(245): CodeIgniter\Commands\Database\MigrateRefresh->{closure:CodeIgniter\Commands\Database\MigrateRefresh::run():89}()
#14 /home/mihaja/Documents/GitHub/24h-by-webcup-vain-afo/system/Commands/Database/MigrateRefresh.php(89): CodeIgniter\Commands\Database\MigrateRefresh->withSignalsBlocked()
#15 /home/mihaja/Documents/GitHub/24h-by-webcup-vain-afo/system/CLI/Commands.php(72): CodeIgniter\Commands\Database\MigrateRefresh->run()
#16 /home/mihaja/Documents/GitHub/24h-by-webcup-vain-afo/system/CLI/Console.php(47): CodeIgniter\CLI\Commands->run()
#17 /home/mihaja/Documents/GitHub/24h-by-webcup-vain-afo/system/Boot.php(444): CodeIgniter\CLI\Console->run()
#18 /home/mihaja/Documents/GitHub/24h-by-webcup-vain-afo/system/Boot.php(166): CodeIgniter\Boot::runCommand()
#19 /home/mihaja/Documents/GitHub/24h-by-webcup-vain-afo/spark(87): CodeIgniter\Boot::bootSpark()
#20 {main}

Next CodeIgniter\Database\Exceptions\DatabaseException: Access denied for user '****'@'41.74.211.114' (using password: NO) in /home/mihaja/Documents/GitHub/24h-by-webcup-vain-afo/system/Database/MySQLi/Connection.php:231
Stack trace:
#0 /home/mihaja/Documents/GitHub/24h-by-webcup-vain-afo/system/Database/BaseConnection.php(555): CodeIgniter\Database\MySQLi\Connection->connect()
#1 /home/mihaja/Documents/GitHub/24h-by-webcup-vain-afo/system/Database/BaseConnection.php(795): CodeIgniter\Database\BaseConnection->initialize()
#2 /home/mihaja/Documents/GitHub/24h-by-webcup-vain-afo/system/Database/BaseConnection.php(1706): CodeIgniter\Database\BaseConnection->query()
#3 /home/mihaja/Documents/GitHub/24h-by-webcup-vain-afo/system/Database/BaseConnection.php(1726): CodeIgniter\Database\BaseConnection->listTables()
#4 /home/mihaja/Documents/GitHub/24h-by-webcup-vain-afo/system/Database/MigrationRunner.php(821): CodeIgniter\Database\BaseConnection->tableExists()
#5 /home/mihaja/Documents/GitHub/24h-by-webcup-vain-afo/system/Database/MigrationRunner.php(173): CodeIgniter\Database\MigrationRunner->ensureTable()
#6 /home/mihaja/Documents/GitHub/24h-by-webcup-vain-afo/system/Commands/Database/Migrate.php(89): CodeIgniter\Database\MigrationRunner->latest()
#7 /home/mihaja/Documents/GitHub/24h-by-webcup-vain-afo/system/CLI/SignalTrait.php(245): CodeIgniter\Commands\Database\Migrate::{closure:CodeIgniter\Commands\Database\Migrate::run():88}()
#8 /home/mihaja/Documents/GitHub/24h-by-webcup-vain-afo/system/Commands/Database/Migrate.php(88): CodeIgniter\Commands\Database\Migrate->withSignalsBlocked()
#9 /home/mihaja/Documents/GitHub/24h-by-webcup-vain-afo/system/CLI/Commands.php(72): CodeIgniter\Commands\Database\Migrate->run()
#10 /home/mihaja/Documents/GitHub/24h-by-webcup-vain-afo/system/CLI/BaseCommand.php(119): CodeIgniter\CLI\Commands->run()
#11 /home/mihaja/Documents/GitHub/24h-by-webcup-vain-afo/system/Commands/Database/MigrateRefresh.php(91): CodeIgniter\CLI\BaseCommand->call()
#12 /home/mihaja/Documents/GitHub/24h-by-webcup-vain-afo/system/CLI/SignalTrait.php(245): CodeIgniter\Commands\Database\MigrateRefresh->{closure:CodeIgniter\Commands\Database\MigrateRefresh::run():89}()
#13 /home/mihaja/Documents/GitHub/24h-by-webcup-vain-afo/system/Commands/Database/MigrateRefresh.php(89): CodeIgniter\Commands\Database\MigrateRefresh->withSignalsBlocked()
#14 /home/mihaja/Documents/GitHub/24h-by-webcup-vain-afo/system/CLI/Commands.php(72): CodeIgniter\Commands\Database\MigrateRefresh->run()
#15 /home/mihaja/Documents/GitHub/24h-by-webcup-vain-afo/system/CLI/Console.php(47): CodeIgniter\CLI\Commands->run()
#16 /home/mihaja/Documents/GitHub/24h-by-webcup-vain-afo/system/Boot.php(444): CodeIgniter\CLI\Console->run()
#17 /home/mihaja/Documents/GitHub/24h-by-webcup-vain-afo/system/Boot.php(166): CodeIgniter\Boot::runCommand()
#18 /home/mihaja/Documents/GitHub/24h-by-webcup-vain-afo/spark(87): CodeIgniter\Boot::bootSpark()
#19 {main}
ERROR - 2026-10-03 12:51:19 --> Error connecting to the database: mysqli_sql_exception: Access denied for user 'root'@'41.74.211.114' (using password: NO) in /home/mihaja/Documents/GitHub/24h-by-webcup-vain-afo/system/Database/MySQLi/Connection.php:201
Stack trace:
#0 /home/mihaja/Documents/GitHub/24h-by-webcup-vain-afo/system/Database/MySQLi/Connection.php(201): mysqli->real_connect()
#1 /home/mihaja/Documents/GitHub/24h-by-webcup-vain-afo/system/Database/BaseConnection.php(555): CodeIgniter\Database\MySQLi\Connection->connect()
#2 /home/mihaja/Documents/GitHub/24h-by-webcup-vain-afo/system/Database/Database.php(74): CodeIgniter\Database\BaseConnection->initialize()
#3 /home/mihaja/Documents/GitHub/24h-by-webcup-vain-afo/system/Database/Config.php(111): CodeIgniter\Database\Database->loadForge()
#4 /home/mihaja/Documents/GitHub/24h-by-webcup-vain-afo/system/Database/Seeder.php(103): CodeIgniter\Database\Config::forge()
#5 /home/mihaja/Documents/GitHub/24h-by-webcup-vain-afo/system/Commands/Database/Seed.php(71): CodeIgniter\Database\Seeder->__construct()
#6 /home/mihaja/Documents/GitHub/24h-by-webcup-vain-afo/system/CLI/Commands.php(72): CodeIgniter\Commands\Database\Seed->run()
#7 /home/mihaja/Documents/GitHub/24h-by-webcup-vain-afo/system/CLI/Console.php(47): CodeIgniter\CLI\Commands->run()
#8 /home/mihaja/Documents/GitHub/24h-by-webcup-vain-afo/system/Boot.php(444): CodeIgniter\CLI\Console->run()
#9 /home/mihaja/Documents/GitHub/24h-by-webcup-vain-afo/system/Boot.php(166): CodeIgniter\Boot::runCommand()
#10 /home/mihaja/Documents/GitHub/24h-by-webcup-vain-afo/spark(87): CodeIgniter\Boot::bootSpark()
#11 {main}

Next CodeIgniter\Database\Exceptions\DatabaseException: Access denied for user '****'@'41.74.211.114' (using password: NO) in /home/mihaja/Documents/GitHub/24h-by-webcup-vain-afo/system/Database/MySQLi/Connection.php:231
Stack trace:
#0 /home/mihaja/Documents/GitHub/24h-by-webcup-vain-afo/system/Database/BaseConnection.php(555): CodeIgniter\Database\MySQLi\Connection->connect()
#1 /home/mihaja/Documents/GitHub/24h-by-webcup-vain-afo/system/Database/Database.php(74): CodeIgniter\Database\BaseConnection->initialize()
#2 /home/mihaja/Documents/GitHub/24h-by-webcup-vain-afo/system/Database/Config.php(111): CodeIgniter\Database\Database->loadForge()
#3 /home/mihaja/Documents/GitHub/24h-by-webcup-vain-afo/system/Database/Seeder.php(103): CodeIgniter\Database\Config::forge()
#4 /home/mihaja/Documents/GitHub/24h-by-webcup-vain-afo/system/Commands/Database/Seed.php(71): CodeIgniter\Database\Seeder->__construct()
#5 /home/mihaja/Documents/GitHub/24h-by-webcup-vain-afo/system/CLI/Commands.php(72): CodeIgniter\Commands\Database\Seed->run()
#6 /home/mihaja/Documents/GitHub/24h-by-webcup-vain-afo/system/CLI/Console.php(47): CodeIgniter\CLI\Commands->run()
#7 /home/mihaja/Documents/GitHub/24h-by-webcup-vain-afo/system/Boot.php(444): CodeIgniter\CLI\Console->run()
#8 /home/mihaja/Documents/GitHub/24h-by-webcup-vain-afo/system/Boot.php(166): CodeIgniter\Boot::runCommand()
#9 /home/mihaja/Documents/GitHub/24h-by-webcup-vain-afo/spark(87): CodeIgniter\Boot::bootSpark()
#10 {main}
CRITICAL - 2026-10-03 12:51:19 --> CodeIgniter\Database\Exceptions\DatabaseException: Unable to connect to the database.
Main connection [MySQLi]: Access denied for user '****'@'41.74.211.114' (using password: NO)
[Method: CLI, Route: db:seed/DatabaseSeeder]
in SYSTEMPATH/Database/BaseConnection.php on line 606.
 1 SYSTEMPATH/Database/Database.php(74): CodeIgniter\Database\BaseConnection->initialize()
 2 SYSTEMPATH/Database/Config.php(111): CodeIgniter\Database\Database->loadForge()
 3 SYSTEMPATH/Database/Seeder.php(103): CodeIgniter\Database\Config::forge()
 4 SYSTEMPATH/Commands/Database/Seed.php(71): CodeIgniter\Database\Seeder->__construct()
 5 SYSTEMPATH/CLI/Commands.php(72): CodeIgniter\Commands\Database\Seed->run()
 6 SYSTEMPATH/CLI/Console.php(47): CodeIgniter\CLI\Commands->run()
 7 SYSTEMPATH/Boot.php(444): CodeIgniter\CLI\Console->run()
 8 SYSTEMPATH/Boot.php(166): CodeIgniter\Boot::runCommand()
 9 ROOTPATH/spark(87): CodeIgniter\Boot::bootSpark()
ERROR - 2026-10-03 12:52:41 --> Unknown column 'is_active' in 'INSERT INTO'
in SYSTEMPATH/Database/MySQLi/Connection.php on line 300.
 1 SYSTEMPATH/Database/MySQLi/Connection.php(300): mysqli->query()
 2 SYSTEMPATH/Database/BaseConnection.php(908): CodeIgniter\Database\MySQLi\Connection->execute()
 3 SYSTEMPATH/Database/BaseConnection.php(825): CodeIgniter\Database\BaseConnection->simpleQuery()
 4 SYSTEMPATH/Database/BaseBuilder.php(1851): CodeIgniter\Database\BaseConnection->query()
 5 SYSTEMPATH/Database/BaseBuilder.php(2240): CodeIgniter\Database\BaseBuilder->batchExecute()
 6 APPPATH/Database/Seeds/UserSeeder.php(40): CodeIgniter\Database\BaseBuilder->insertBatch()
 7 SYSTEMPATH/Database/Seeder.php(155): App\Database\Seeds\UserSeeder->run()
 8 APPPATH/Database/Seeds/DatabaseSeeder.php(12): CodeIgniter\Database\Seeder->call()
 9 SYSTEMPATH/Database/Seeder.php(155): App\Database\Seeds\DatabaseSeeder->run()
10 SYSTEMPATH/Commands/Database/Seed.php(79): CodeIgniter\Database\Seeder->call()
11 SYSTEMPATH/CLI/Commands.php(72): CodeIgniter\Commands\Database\Seed->run()
12 SYSTEMPATH/CLI/Console.php(47): CodeIgniter\CLI\Commands->run()
13 SYSTEMPATH/Boot.php(444): CodeIgniter\CLI\Console->run()
14 SYSTEMPATH/Boot.php(166): CodeIgniter\Boot::runCommand()
15 ROOTPATH/spark(87): CodeIgniter\Boot::bootSpark()
ERROR - 2026-10-03 12:54:25 --> Unknown column 'created_at' in 'INSERT INTO'
in SYSTEMPATH/Database/MySQLi/Connection.php on line 300.
 1 SYSTEMPATH/Database/MySQLi/Connection.php(300): mysqli->query()
 2 SYSTEMPATH/Database/BaseConnection.php(908): CodeIgniter\Database\MySQLi\Connection->execute()
 3 SYSTEMPATH/Database/BaseConnection.php(825): CodeIgniter\Database\BaseConnection->simpleQuery()
 4 SYSTEMPATH/Database/BaseBuilder.php(1851): CodeIgniter\Database\BaseConnection->query()
 5 SYSTEMPATH/Database/BaseBuilder.php(2240): CodeIgniter\Database\BaseBuilder->batchExecute()
 6 APPPATH/Database/Seeds/AnnouncementSeeder.php(47): CodeIgniter\Database\BaseBuilder->insertBatch()
 7 SYSTEMPATH/Database/Seeder.php(155): App\Database\Seeds\AnnouncementSeeder->run()
 8 APPPATH/Database/Seeds/DatabaseSeeder.php(14): CodeIgniter\Database\Seeder->call()
 9 SYSTEMPATH/Database/Seeder.php(155): App\Database\Seeds\DatabaseSeeder->run()
10 SYSTEMPATH/Commands/Database/Seed.php(79): CodeIgniter\Database\Seeder->call()
11 SYSTEMPATH/CLI/Commands.php(72): CodeIgniter\Commands\Database\Seed->run()
12 SYSTEMPATH/CLI/Console.php(47): CodeIgniter\CLI\Commands->run()
13 SYSTEMPATH/Boot.php(444): CodeIgniter\CLI\Console->run()
14 SYSTEMPATH/Boot.php(166): CodeIgniter\Boot::runCommand()
15 ROOTPATH/spark(87): CodeIgniter\Boot::bootSpark()
